2025-11-14 15:14:31,249 - src.utils - INFO - Начало работы функции timed_message
2025-11-14 15:14:31,250 - src.utils - INFO - Функция timed_message возвращает: Добрый день
2025-11-14 15:14:31,250 - src.utils - INFO - Функция get_data_time вызвана с параметром: 2021-12-31 16:44:00
2025-11-14 15:14:31,250 - src.utils - INFO - Функция get_data_time возвращает: ['01.12.2021 16:44:00', '31.12.2021 16:44:00']
2025-11-14 15:14:31,250 - src.utils - INFO - Функция get_path_and_period вызвана. Файл: ../data/operations.xlsx, период: ['01.12.2021 16:44:00', '31.12.2021 16:44:00']
2025-11-14 15:14:31,949 - src.utils - INFO - Файл прочитан. Количество строк: 6705
2025-11-14 15:14:31,971 - src.utils - INFO - После фильтрации осталось 180 строк
2025-11-14 15:14:31,971 - src.utils - INFO - Функция take_the_card_number вызвана
2025-11-14 15:14:31,971 - src.utils - INFO - Обработка 180 карт
2025-11-14 15:14:31,979 - src.utils - INFO - Функция возвращает 180 карт
2025-11-14 15:14:31,979 - src.utils - INFO - Функция top_transactions вызвана. Запрошено топ 5 транзакций
2025-11-14 15:14:31,979 - src.utils - INFO - Выбрано 5 транзакций из 180
2025-11-14 15:14:31,980 - src.utils - INFO - Функция возвращает 5 транзакций
2025-11-14 15:14:31,980 - src.utils - INFO - Функция get_a_curse вызвана для файла: ../data/user_settings.json
2025-11-14 15:14:31,980 - src.utils - INFO - Найдены валюты: ['USD', 'EUR']
2025-11-14 15:14:31,980 - src.utils - INFO - Запрос курса для валюты: USD
2025-11-14 15:14:32,834 - src.utils - INFO - Курс USD: 80.92 RUB
2025-11-14 15:14:32,834 - src.utils - INFO - Запрос курса для валюты: EUR
2025-11-14 15:14:33,557 - src.utils - INFO - Курс EUR: 94.09 RUB
2025-11-14 15:14:33,557 - src.utils - INFO - Функция возвращает курсы для 2 валют
2025-11-14 15:14:33,558 - src.utils - INFO - Функция get_the_stock_price вызвана для файла: ../data/user_settings.json
2025-11-14 15:14:33,559 - src.utils - INFO - Найдены акции: ['AAPL', 'AMZN', 'GOOGL', 'MSFT', 'TSLA']
2025-11-14 15:14:33,559 - src.utils - INFO - Запрос цены для акции: AAPL
2025-11-14 15:14:34,306 - src.utils - INFO - Цена акции AAPL: 272.95
2025-11-14 15:14:34,307 - src.utils - INFO - Запрос цены для акции: AMZN
2025-11-14 15:14:34,805 - src.utils - INFO - Цена акции AMZN: 237.58
2025-11-14 15:14:34,806 - src.utils - INFO - Запрос цены для акции: GOOGL
2025-11-14 15:14:35,545 - src.utils - INFO - Цена акции GOOGL: 278.57
2025-11-14 15:14:35,545 - src.utils - INFO - Запрос цены для акции: MSFT
2025-11-14 15:14:36,040 - src.utils - INFO - Цена акции MSFT: 503.29
2025-11-14 15:14:36,040 - src.utils - INFO - Запрос цены для акции: TSLA
2025-11-14 15:14:36,534 - src.utils - INFO - Цена акции TSLA: 401.99
2025-11-14 15:14:36,534 - src.utils - INFO - Функция возвращает цены для 5 акций
2025-11-14 15:27:17,319 - src.utils - INFO - Начало работы функции timed_message
2025-11-14 15:27:17,319 - src.utils - INFO - Функция timed_message возвращает: Добрый день
2025-11-14 15:27:17,319 - src.utils - INFO - Функция get_data_time вызвана с параметром: 2021-12-31 16:44:00
2025-11-14 15:27:17,319 - src.utils - INFO - Функция get_data_time возвращает: ['01.12.2021 16:44:00', '31.12.2021 16:44:00']
2025-11-14 15:27:17,319 - src.utils - INFO - Функция get_path_and_period вызвана. Файл: ../data/operations.xlsx, период: ['01.12.2021 16:44:00', '31.12.2021 16:44:00']
2025-11-14 15:27:18,020 - src.utils - INFO - Файл прочитан. Количество строк: 6705
2025-11-14 15:27:18,038 - src.utils - INFO - После фильтрации осталось 180 строк
2025-11-14 15:27:18,038 - src.utils - INFO - Функция take_the_card_number вызвана
2025-11-14 15:27:18,038 - src.utils - INFO - Обработка 180 карт
2025-11-14 15:27:18,046 - src.utils - INFO - Функция возвращает 180 карт
2025-11-14 15:27:18,046 - src.utils - INFO - Функция top_transactions вызвана. Запрошено топ 5 транзакций
2025-11-14 15:27:18,047 - src.utils - INFO - Выбрано 5 транзакций из 180
2025-11-14 15:27:18,047 - src.utils - INFO - Функция возвращает 5 транзакций
2025-11-14 15:27:18,047 - src.utils - INFO - Функция get_a_curse вызвана для файла: ../data/user_settings.json
2025-11-14 15:27:18,048 - src.utils - INFO - Найдены валюты: ['USD', 'EUR']
2025-11-14 15:27:18,048 - src.utils - INFO - Запрос курса для валюты: USD
2025-11-14 15:27:18,768 - src.utils - INFO - Курс USD: 80.93 RUB
2025-11-14 15:27:18,768 - src.utils - INFO - Запрос курса для валюты: EUR
2025-11-14 15:27:19,424 - src.utils - INFO - Курс EUR: 94.11 RUB
2025-11-14 15:27:19,424 - src.utils - INFO - Функция возвращает курсы для 2 валют
2025-11-14 15:27:19,425 - src.utils - INFO - Функция get_the_stock_price вызвана для файла: ../data/user_settings.json
2025-11-14 15:27:19,425 - src.utils - INFO - Найдены акции: ['AAPL', 'AMZN', 'GOOGL', 'MSFT', 'TSLA']
2025-11-14 15:27:19,425 - src.utils - INFO - Запрос цены для акции: AAPL
2025-11-14 15:27:20,002 - src.utils - INFO - Цена акции AAPL: 272.95
2025-11-14 15:27:20,002 - src.utils - INFO - Запрос цены для акции: AMZN
2025-11-14 15:27:20,496 - src.utils - INFO - Цена акции AMZN: 237.58
2025-11-14 15:27:20,497 - src.utils - INFO - Запрос цены для акции: GOOGL
2025-11-14 15:27:20,995 - src.utils - INFO - Цена акции GOOGL: 278.57
2025-11-14 15:27:20,995 - src.utils - INFO - Запрос цены для акции: MSFT
2025-11-14 15:27:21,723 - src.utils - INFO - Цена акции MSFT: 503.29
2025-11-14 15:27:21,723 - src.utils - INFO - Запрос цены для акции: TSLA
2025-11-14 15:27:22,222 - src.utils - INFO - Цена акции TSLA: 401.99
2025-11-14 15:27:22,222 - src.utils - INFO - Функция возвращает цены для 5 акций
2025-11-14 15:43:15,291 - src.utils - INFO - Начало работы функции timed_message
2025-11-14 15:43:15,291 - src.utils - INFO - Функция timed_message возвращает: Добрый день
2025-11-14 15:43:15,291 - src.utils - INFO - Функция get_data_time вызвана с параметром: 2021-12-31 16:44:00
2025-11-14 15:43:15,292 - src.utils - INFO - Функция get_data_time возвращает: ['01.12.2021 16:44:00', '31.12.2021 16:44:00']
2025-11-14 15:43:15,292 - src.utils - INFO - Функция get_path_and_period вызвана. Файл: ../data/operations.xlsx, период: ['01.12.2021 16:44:00', '31.12.2021 16:44:00']
2025-11-14 15:43:16,029 - src.utils - INFO - Файл прочитан. Количество строк: 6705
2025-11-14 15:43:16,047 - src.utils - INFO - После фильтрации осталось 180 строк
2025-11-14 15:43:16,047 - src.utils - INFO - Функция take_the_card_number вызвана
2025-11-14 15:43:16,047 - src.utils - INFO - Обработка 180 карт
2025-11-14 15:43:16,055 - src.utils - INFO - Функция возвращает 180 карт
2025-11-14 15:43:16,055 - src.utils - INFO - Функция top_transactions вызвана. Запрошено топ 5 транзакций
2025-11-14 15:43:16,055 - src.utils - INFO - Выбрано 5 транзакций из 180
2025-11-14 15:43:16,056 - src.utils - INFO - Функция возвращает 5 транзакций
2025-11-14 15:43:16,056 - src.utils - INFO - Функция get_a_curse вызвана для файла: ../data/user_settings.json
2025-11-14 15:43:16,056 - src.utils - INFO - Найдены валюты: ['USD', 'EUR']
2025-11-14 15:43:16,056 - src.utils - INFO - Запрос курса для валюты: USD
2025-11-14 15:43:16,761 - src.utils - INFO - Курс USD: 80.94 RUB
2025-11-14 15:43:16,761 - src.utils - INFO - Запрос курса для валюты: EUR
2025-11-14 15:43:17,417 - src.utils - INFO - Курс EUR: 94.22 RUB
2025-11-14 15:43:17,417 - src.utils - INFO - Функция возвращает курсы для 2 валют
2025-11-14 15:43:17,418 - src.utils - INFO - Функция get_the_stock_price вызвана для файла: ../data/user_settings.json
2025-11-14 15:43:17,418 - src.utils - INFO - Найдены акции: ['AAPL', 'AMZN', 'GOOGL', 'MSFT', 'TSLA']
2025-11-14 15:43:17,418 - src.utils - INFO - Запрос цены для акции: AAPL
2025-11-14 15:43:17,959 - src.utils - INFO - Цена акции AAPL: 272.95
2025-11-14 15:43:17,959 - src.utils - INFO - Запрос цены для акции: AMZN
2025-11-14 15:43:18,452 - src.utils - INFO - Цена акции AMZN: 237.58
2025-11-14 15:43:18,452 - src.utils - INFO - Запрос цены для акции: GOOGL
2025-11-14 15:43:18,961 - src.utils - INFO - Цена акции GOOGL: 278.57
2025-11-14 15:43:18,961 - src.utils - INFO - Запрос цены для акции: MSFT
2025-11-14 15:43:19,453 - src.utils - INFO - Цена акции MSFT: 503.29
2025-11-14 15:43:19,453 - src.utils - INFO - Запрос цены для акции: TSLA
2025-11-14 15:43:19,952 - src.utils - INFO - Цена акции TSLA: 401.99
2025-11-14 15:43:19,953 - src.utils - INFO - Функция возвращает цены для 5 акций
2025-11-14 15:47:48,368 - src.utils - INFO - Начало работы функции timed_message
2025-11-14 15:47:48,369 - src.utils - INFO - Функция timed_message возвращает: Добрый день
2025-11-14 15:47:48,369 - src.utils - INFO - Функция get_data_time вызвана с параметром: 2021-12-31 16:44:00
2025-11-14 15:47:48,369 - src.utils - INFO - Функция get_data_time возвращает: ['01.12.2021 16:44:00', '31.12.2021 16:44:00']
2025-11-14 15:47:48,369 - src.utils - INFO - Функция get_path_and_period вызвана. Файл: ../data/operations.xlsx, период: ['01.12.2021 16:44:00', '31.12.2021 16:44:00']
2025-11-14 15:47:49,072 - src.utils - INFO - Файл прочитан. Количество строк: 6705
2025-11-14 15:47:49,090 - src.utils - INFO - После фильтрации осталось 180 строк
2025-11-14 15:47:49,090 - src.utils - INFO - Функция take_the_card_number вызвана
2025-11-14 15:47:49,090 - src.utils - INFO - Обработка 180 карт
2025-11-14 15:47:49,098 - src.utils - INFO - Функция возвращает 180 карт
2025-11-14 15:47:49,098 - src.utils - INFO - Функция top_transactions вызвана. Запрошено топ 5 транзакций
2025-11-14 15:47:49,098 - src.utils - INFO - Выбрано 5 транзакций из 180
2025-11-14 15:47:49,099 - src.utils - INFO - Функция возвращает 5 транзакций
2025-11-14 15:47:49,099 - src.utils - INFO - Функция get_a_curse вызвана для файла: ../data/user_settings.json
2025-11-14 15:47:49,099 - src.utils - INFO - Найдены валюты: ['USD', 'EUR']
2025-11-14 15:47:49,099 - src.utils - INFO - Запрос курса для валюты: USD
2025-11-14 15:47:49,769 - src.utils - INFO - Курс USD: 80.95 RUB
2025-11-14 15:47:49,769 - src.utils - INFO - Запрос курса для валюты: EUR
2025-11-14 15:47:50,493 - src.utils - INFO - Курс EUR: 94.27 RUB
2025-11-14 15:47:50,493 - src.utils - INFO - Функция возвращает курсы для 2 валют
2025-11-14 15:47:50,494 - src.utils - INFO - Функция get_the_stock_price вызвана для файла: ../data/user_settings.json
2025-11-14 15:47:50,495 - src.utils - INFO - Найдены акции: ['AAPL', 'AMZN', 'GOOGL', 'MSFT', 'TSLA']
2025-11-14 15:47:50,495 - src.utils - INFO - Запрос цены для акции: AAPL
2025-11-14 15:47:50,987 - src.utils - INFO - Цена акции AAPL: 272.95
2025-11-14 15:47:50,987 - src.utils - INFO - Запрос цены для акции: AMZN
2025-11-14 15:47:51,481 - src.utils - INFO - Цена акции AMZN: 237.58
2025-11-14 15:47:51,481 - src.utils - INFO - Запрос цены для акции: GOOGL
2025-11-14 15:47:52,019 - src.utils - INFO - Цена акции GOOGL: 278.57
2025-11-14 15:47:52,019 - src.utils - INFO - Запрос цены для акции: MSFT
2025-11-14 15:47:52,515 - src.utils - INFO - Цена акции MSFT: 503.29
2025-11-14 15:47:52,515 - src.utils - INFO - Запрос цены для акции: TSLA
2025-11-14 15:47:53,007 - src.utils - INFO - Цена акции TSLA: 401.99
2025-11-14 15:47:53,007 - src.utils - INFO - Функция возвращает цены для 5 акций
2025-11-14 15:58:08,434 - src.utils - INFO - Начало работы функции timed_message
2025-11-14 15:58:08,434 - src.utils - INFO - Функция timed_message возвращает: Добрый день
2025-11-14 15:58:08,434 - src.utils - INFO - Функция get_data_time вызвана с параметром: 2021-12-31 16:44:00
2025-11-14 15:58:08,435 - src.utils - INFO - Функция get_data_time возвращает: ['01.12.2021 16:44:00', '31.12.2021 16:44:00']
2025-11-14 15:58:08,435 - src.utils - INFO - Функция get_path_and_period вызвана. Файл: ../data/operations.xlsx, период: ['01.12.2021 16:44:00', '31.12.2021 16:44:00']
2025-11-14 15:58:09,152 - src.utils - INFO - Файл прочитан. Количество строк: 6705
2025-11-14 15:58:09,170 - src.utils - INFO - После фильтрации осталось 180 строк
2025-11-14 15:58:09,170 - src.utils - INFO - Функция take_the_card_number вызвана
2025-11-14 15:58:09,170 - src.utils - INFO - Обработка 180 карт
2025-11-14 15:58:09,178 - src.utils - INFO - Функция возвращает 180 карт
2025-11-14 15:58:09,178 - src.utils - INFO - Функция top_transactions вызвана. Запрошено топ 5 транзакций
2025-11-14 15:58:09,178 - src.utils - INFO - Выбрано 5 транзакций из 180
2025-11-14 15:58:09,179 - src.utils - INFO - Функция возвращает 5 транзакций
2025-11-14 15:58:09,179 - src.utils - INFO - Функция get_a_curse вызвана для файла: ../data/user_settings.json
2025-11-14 15:58:09,180 - src.utils - INFO - Найдены валюты: ['USD', 'EUR']
2025-11-14 15:58:09,180 - src.utils - INFO - Запрос курса для валюты: USD
2025-11-14 15:58:09,877 - src.utils - INFO - Курс USD: 80.95 RUB
2025-11-14 15:58:09,877 - src.utils - INFO - Запрос курса для валюты: EUR
2025-11-14 15:58:10,545 - src.utils - INFO - Курс EUR: 94.32 RUB
2025-11-14 15:58:10,545 - src.utils - INFO - Функция возвращает курсы для 2 валют
2025-11-14 15:58:10,546 - src.utils - INFO - Функция get_the_stock_price вызвана для файла: ../data/user_settings.json
2025-11-14 15:58:10,546 - src.utils - INFO - Найдены акции: ['AAPL', 'AMZN', 'GOOGL', 'MSFT', 'TSLA']
2025-11-14 15:58:10,546 - src.utils - INFO - Запрос цены для акции: AAPL
2025-11-14 15:58:11,121 - src.utils - INFO - Цена акции AAPL: 272.95
2025-11-14 15:58:11,121 - src.utils - INFO - Запрос цены для акции: AMZN
2025-11-14 15:58:11,608 - src.utils - WARNING - Некорректный ответ API для акции AMZN
2025-11-14 15:58:11,608 - src.utils - INFO - Запрос цены для акции: GOOGL
2025-11-14 15:58:12,096 - src.utils - WARNING - Некорректный ответ API для акции GOOGL
2025-11-14 15:58:12,097 - src.utils - INFO - Запрос цены для акции: MSFT
2025-11-14 15:58:12,582 - src.utils - WARNING - Некорректный ответ API для акции MSFT
2025-11-14 15:58:12,582 - src.utils - INFO - Запрос цены для акции: TSLA
2025-11-14 15:58:13,070 - src.utils - WARNING - Некорректный ответ API для акции TSLA
2025-11-14 15:58:13,071 - src.utils - INFO - Функция возвращает цены для 1 акций
2025-11-15 14:14:30,579 - src.utils - INFO - Начало работы функции timed_message
2025-11-15 14:14:30,580 - src.utils - INFO - Функция timed_message возвращает: Добрый день
2025-11-15 14:14:30,580 - src.utils - INFO - Функция get_data_time вызвана с параметром: 2021-12-31 16:44:00
2025-11-15 14:14:30,580 - src.utils - INFO - Функция get_data_time возвращает: ['01.12.2021 16:44:00', '31.12.2021 16:44:00']
2025-11-15 14:14:30,580 - src.utils - INFO - Функция get_path_and_period вызвана. Файл: ../data/operations.xlsx, период: ['01.12.2021 16:44:00', '31.12.2021 16:44:00']
2025-11-15 14:14:31,312 - src.utils - INFO - Файл прочитан. Количество строк: 6705
2025-11-15 14:14:31,333 - src.utils - INFO - После фильтрации осталось 180 строк
2025-11-15 14:14:31,334 - src.utils - INFO - Функция take_the_card_number вызвана
2025-11-15 14:14:31,334 - src.utils - INFO - Обработка 180 карт
2025-11-15 14:14:31,343 - src.utils - INFO - Функция возвращает 180 карт
2025-11-15 14:14:31,343 - src.utils - INFO - Функция top_transactions вызвана. Запрошено топ 5 транзакций
2025-11-15 14:14:31,343 - src.utils - INFO - Выбрано 5 транзакций из 180
2025-11-15 14:14:31,347 - src.utils - INFO - Функция возвращает 5 транзакций
2025-11-15 14:14:31,347 - src.utils - INFO - Функция get_a_curse вызвана для файла: ../data/user_settings.json
2025-11-15 14:14:31,354 - src.utils - INFO - Найдены валюты: ['USD', 'EUR']
2025-11-15 14:14:31,355 - src.utils - INFO - Запрос курса для валюты: USD
2025-11-15 14:14:32,081 - src.utils - INFO - Курс USD: 80.87 RUB
2025-11-15 14:14:32,081 - src.utils - INFO - Запрос курса для валюты: EUR
2025-11-15 14:14:32,779 - src.utils - INFO - Курс EUR: 94.03 RUB
2025-11-15 14:14:32,779 - src.utils - INFO - Функция возвращает курсы для 2 валют
2025-11-15 14:14:32,780 - src.utils - INFO - Функция get_the_stock_price вызвана для файла: ../data/user_settings.json
2025-11-15 14:14:32,780 - src.utils - INFO - Найдены акции: ['AAPL', 'AMZN', 'GOOGL', 'MSFT', 'TSLA']
2025-11-15 14:14:32,781 - src.utils - INFO - Запрос цены для акции: AAPL
2025-11-15 14:14:33,417 - src.utils - INFO - Цена акции AAPL: 272.41
2025-11-15 14:14:33,417 - src.utils - INFO - Запрос цены для акции: AMZN
2025-11-15 14:14:33,919 - src.utils - INFO - Цена акции AMZN: 234.69
2025-11-15 14:14:33,919 - src.utils - INFO - Запрос цены для акции: GOOGL
2025-11-15 14:14:34,415 - src.utils - INFO - Цена акции GOOGL: 276.41
2025-11-15 14:14:34,415 - src.utils - INFO - Запрос цены для акции: MSFT
2025-11-15 14:14:34,911 - src.utils - INFO - Цена акции MSFT: 510.18
2025-11-15 14:14:34,911 - src.utils - INFO - Запрос цены для акции: TSLA
2025-11-15 14:14:35,426 - src.utils - INFO - Цена акции TSLA: 404.35
2025-11-15 14:14:35,426 - src.utils - INFO - Функция возвращает цены для 5 акций
